Update for Jan 1, 2026
Update for Jan 2, 2026
Update for Jan 3, 2026
Update for Jan 4, 2026
Update for Jan 5, 2026
Update for Jan 6, 2026
Update for Jan 7, 2026
Update for Jan 8, 2026
Update for Jan 9, 2026
Update for Jan 10, 2026
Update for January 2024
Update for February 2024
Update for March 2024
Update for April 2024
Update for May 2024
Update for June 2024
Update for July 2024
Update for August 2024
Update for September 2024
Update for October 2024
Update for November 2024
Update for December 2024
[2026-01-11 00:58:18] Automated daily contribution
[2026-01-12 00:55:40] Automated daily contribution
[2026-01-13 00:47:44] Automated daily contribution
[2026-01-14 00:54:57] Automated daily contribution
[2026-01-15 00:51:08] Automated daily contribution
[2026-01-16 00:53:40] Automated daily contribution
[2026-01-17 00:50:48] Automated daily contribution
[2026-01-18 00:57:21] Automated daily contribution
[2026-01-19 00:56:44] Automated daily contribution
[2026-01-20 00:52:12] Automated daily contribution
[2026-01-21 00:54:20] Automated daily contribution
[2026-01-22 00:52:51] Automated daily contribution
[2026-01-23 00:54:21] Automated daily contribution
[2026-01-24 00:51:49] Automated daily contribution
[2026-01-25 00:59:01] Automated daily contribution
[2026-01-26 00:57:45] Automated daily contribution
[2026-01-27 00:56:23] Automated daily contribution
[2026-01-28 00:53:45] Automated daily contribution
[2026-01-29 01:01:14] Automated daily contribution
[2026-01-30 01:00:55] Automated daily contribution
[2026-01-31 00:58:38] Automated daily contribution
[2026-02-01 01:12:27] Automated daily contribution
[2026-02-02 01:04:25] Automated daily contribution
[2026-02-03 01:05:26] Automated daily contribution
[2026-02-04 01:00:43] Automated daily contribution
[2026-02-05 01:02:43] Automated daily contribution
[2026-02-06 01:00:52] Automated daily contribution
[2026-02-07 01:00:00] Automated daily contribution
